Registered GameManager factory, total: 1
Registered Player factory, total: 1
Registered TankAlgorithm factory, total: 1
Loaded map: 3v3-P1Trapped (15x11), MaxSteps=7000, NumShells=30
Competition setup:
  Maps: 1
  Algorithms: 13
  Total games: 13
  Threads: 1

Running competitive mode...
Registered GameManager factory, total: 2
Registered Player factory, total: 2
Registered TankAlgorithm factory, total: 2
Registered Player factory, total: 3
Registered TankAlgorithm factory, total: 3
###############
#            2#
#  @@@   @@@  #
#  @%@   @1@  #
#2@@@@   @@@@ #
#  #  #@@#  # #
#     @1@     #
#  @  @@@  @  #
#             #
#2            #
###############
###############
#            2#
#  @@@   @@@  #
#  @1@   @%@  #
#2@@@@   @@@@ #
#  #  #@@#  # #
#     @1@     #
#  @  @@@  @  #
#             #
#2            #
###############
###############
#            2#
#  @@@   @@@  #
#  @1@   @1@  #
#2@@@@   @@@@ #
#  #  #@@#  # #
#     @%@     #
#  @  @@@  @  #
#             #
#2            #
###############
###############
#            2#
#  @@@   @@@  #
#  @%@   @1@  #
#2@@@@   @@@@ #
#  #  #@@#  # #
#     @1@     #
#  @  @@@  @  #
#             #
#2            #
###############
###############
#            2#
#  @@@   @@@  #
#  @%@   @1@  #
#  @@@   @@@@ #
#  #  #@@#  # #
#     @1@     #
#  @  @@@  @  #
#             #
# 2           #
###############
###############
#            2#
#  @@@   @@@  #
#  @%@   @1@  #
#  @@@   @@@@ #
#  #  #@@#  # #
#     @1@     #
#  @  @@@  @  #
#             #
#  2          #
###############
###############
#            2#
#  @@@   @@@  #
#  @%@   @1@  #
#  @@@   @@@@ #
#  #  #@@#  # #
#     @1@     #
#  @  @@@  @  #
#             #
#   2     *   #
###############
###############
#            2#
#  @@@   @@@  #
#  @1@   @%@  #
#  @@@   @@@@ #
#  #  #@@#  # #
#     @1@     #
#  @  @@@  @  #
#             #
#   2     *   #
###############
###############
#            2#
#  @@@   @@@  #
#  @1@   @1@  #
#  @@@   @@@@ #
#  #  #@@#  # #
#     @%@     #
#  @  @@@  @  #
#             #
#   2     *   #
###############
###############
#            2#
#  @@@   @@@  #
#  @1@   @%@  #
#  @@@   @@@@ #
#  #  #@@#  # #
#     @1@     #
#  @  @@@  @  #
#             #
#    2        #
###############
###############
#            2#
#  @@@   @@@  #
#  @%@   @1@  #
#  @@@   @@@@ #
#  #  #@@#  # #
#     @1@     #
#  @  @@@  @  #
#             #
#      2      #
###############
###############
#            2#
#  @@@   @@@  #
#  @%@   @1@  #
#  @@@   @@@@ #
#  #  #@@#  # #
#     @1@     #
#  @  @@@  @  #
#             #
#       2     #
###############
###############
#            2#
#  @@@   @@@  #
#  @%@   @1@  #
#  @@@   @@@@ #
#  #  #@@#  # #
#     @1@     #
#  @  @@@  @  #
#             #
#   *    2    #
###############
###############
#            2#
#  @@@   @@@  #
#  @1@   @%@  #
#  @@@   @@@@ #
#  #  #@@#  # #
#     @1@     #
#  @  @@@  @  #
#             #
#   *    2    #
###############
###############
#            2#
#  @@@   @@@  #
#  @1@   @1@  #
#  @@@   @@@@ #
#  #  #@@#  # #
#     @%@     #
#  @  @@@  @  #
#             #
#   *    2    #
###############
###############
#            2#
#  @@@   @@@  #
#  @1@   @%@  #
#  @@@   @@@@ #
#  #  #@@#  # #
#     @1@     #
#  @  @@@  @  #
#             #
#         2   #
###############
###############
#            2#
#  @@@   @@@  #
#  @1@   @1@  #
#  @@@   @@@@ #
#  #  #@@#  # #
#     @%@     #
#  @  @@@  @  #
#             #
#          2  #
###############
####### #######
#            2#
#  @@@   @@@  #
#  @%@   @1@  #
#  @@@   @@@@ #
#  #  #@@#  # #
#     @1@     #
#  @  @@@  @  #
#             #
#           2 #
###############
####### #######
#            2#
#  @@@   @@@  #
#  @%@   @1@  #
#  @@@   @@@@ #
#  #  #@@#  # #
#     @ @     #
#  @  @@   @  #
#             #
#            2#
###############
####### #######
#            2#
#  @@@   @@@  #
#  @1@   @%@  #
#  @@@   @@@@ #
#  #  #@@#  # #
#     @ @     #
#  @  @@   @  #
#             #
#            2#
###############
####### #######
#            2#
#  @@@   @@@  #
#  @1@   @%@  #
#  @@@   @@@@ #
#  #  #@@#  # #
#     @ @     #
#  @  @@   @  #
#             #
#            2#
###############
####### #######
#            2#
#  @@@   @@@  #
#  @%@   @1@  #
#  @@@   @@@@ #
#  #  #@@#  # #
#*    @ @     #
#  @  @@   @  #
#             #
#            2#
###############
####### #######
#            2#
#  @@@   @@@  #
#  @1@   @%@  #
#  @@@   @@@@ #
#  #  #@@#  # #
#*    @ @     #
#  @  @@   @  #
#             #
#            2#
###############
####### #######
#            2#
#  @@@   @@@  #
#  @1@   @%@  #
#  @@@   @@@@ #
#  #  #@@#  # #
#     @ @     #
#  @  @@   @  #
#             #
#            2#
###############
####### #######
#            2#
#  @@@   @@@  #
#  @1@   @%@  #
#  @@@   @@@@ #
#  #  #@@#  # #
#     @ @     #
#  @  @@   @  #
#             #
#            2#
###############
####### #######
#            2#
#  @@@   @@@  #
#  @1@   @%@  #
#  @@@   @@@@ #
#  #  #@@#  # #
#     @ @     #
#  @  @@   @  #
#             #
#            2#
###############
####### #######
#            2#
#  @@@   @@@  #
#  @1@   @%@  #
#  @@@   @@@@ #
#  #  #@@#  # #
#     @ @     #
#  @  @@   @  #
#             #
#            2#
###############
####### #######
#            2#
#  @@@   @@@  #
#  @%@   @1@  #
#  @@@   @@@@ #
#  #  #@@#  # #
#     @ @     #
#  @  @@   @  #
#             #
#            2#
###############
####### #######
#            2#
#  @@@   @@@  #
#  @1@   @%@  #
#  @@@   @@@@ #
#  #  #@@#  # #
#     @ @     #
#  @  @@   @  #
#             #
#            2#
###############
####### #######
#            2#
#  @@@   @@@  #
#  @1@   @%@  #
#  @@@   @@@@ #
#  #  #@@#  # #
#     @ @     #
#  @  @@   @  #
#             #
#            2#
###############
####### #######
#            2#
#  @@@   @@@  #
#  @1@   @%@  #
#  @@@   @@@@ #
#  #  #@@#  # #
#     @ @     #
#  @  @@   @  #
#             #
#            2#
###############
####### #######
#            2#
#  @@@   @@@  #
#  @1@   @%@  #
#  @@@   @@@@ #
#  #  #@@#  # #
#     @ @     #
#  @  @@   @  #
#             #
#            2#
###############
####### #######
#            2#
#  @@@   @@@  #
#  @1@   @%@  #
#  @@@   @@@@ #
#  #  #@@#  # #
#     @ @     #
#  @  @@   @  #
#             #
#            2#
###############
####### #######
#            2#
#  @@@   @@@  #
#  @%@   @1@  #
#  @@@   @@@@ #
#  #  #@@#  # #
#*    @ @     #
#  @  @@   @  #
#             #
#            2#
###############
####### #######
#            2#
#  @@@   @@@  #
#  @1@   @%@  #
#  @@@   @@@@ #
#  #  #@@#  # #
#*    @ @     #
#  @  @@   @  #
#             #
#            2#
###############
####### #######
#            2#
#  @@@   @@@  #
#  @1@   @%@  #
#  @@@   @@@@ #
#  #  #@@#  # #
#     @ @     #
   @  @@   @  #
#             #
#            2#
###############
####### #######
#            2#
#  @@@   @@@  #
#  @1@   @%@  #
#  @@@   @@@@ #
#  #  #@@#  # #
#     @ @     #
   @  @@   @  #
#             #
#            2#
###############
####### #######
#            2#
#  @@@   @@@  #
#  @1@   @%@  #
#  @@@   @@@@ #
#  #  #@@#  # #
#     @ @     #
   @  @@   @  #
#             #
#            2#
###############
####### #######
#            2#
#  @@@   @@@  #
#  @1@   @%@  #
#  @@@   @@@@ #
#  #  #@@#  # #
#     @ @     #
   @  @@   @  #
#             #
#            2#
###############
####### #######
#            2#
#  @@@   @@@  #
#  @%@   @1@  #
#  @@@   @@@@ #
#  #   @@#  # #
#     @ @     #
   @  @@   @  #
#             #
#            2#
###############
####### #######
#            2#
#  @@@   @@@  #
#  @1@   @%@  #
#  @@@   @@@@ #
#  #   @@#  # #
#     @ @     #
   @  @@   @  #
#             #
#            2#
###############
####### #######
#            2#
#  @@@   @@@  #
#  @1@   @%@  #
#  @@@   @@@@ #
#  #   @@#  # #
#     @ @     #
   @  @@   @  #
#             #
#            2#
###############
####### #######
#            2#
#  @@@   @@@  #
#  @1@   @%@  #
#  @@@   @@@@ #
#  #   @@#  # #
#     @ @     #
   @  @@   @  #
#             #
#            2#
###############
####### #######
#            2#
#  @@@   @@@  #
#  @1@   @%@  #
#  @@@   @@@@ #
#  #   @@#  # #
#     @ @     #
   @  @@   @  #
#             #
#            2#
###############
####### #######
#            2#
#  @@@   @@@  #
#  @1@   @%@  #
#  @@@   @@@@ #
#  #   @@#  # #
#     @ @     #
   @  @@   @  #
#             #
#            2#
###############
####### #######
#            2#
#  @@@   @@@  #
#  @%@   @1@  #
#  @@@   @@@@ #
#  #   @@#  # #
#*    @ @     #
   @  @@   @  #
#             #
#            2#
###############
####### #######
#            2#
#  @@@   @@@  #
#  @1@   @%@  #
#  @@@   @@@@ #
#  #   @@#  # #
#*    @ @     #
   @  @@   @  #
#             #
#            2#
###############
####### #######
#            2#
#  @@@   @@@  #
#  @1@   @%@  #
#  @@@   @@@@ #
#  #   @@#  # #
#     @ @     #
   @  @@   @  #
#             #
#            2#
###############
####### #######
#            2#
#  @@@   @@@  #
#  @1@   @%@  #
#  @@@   @@@@ #
#  #   @@#  # #
#     @ @     #
   @  @@   @  #
#             #
#            2#
###############
####### #######
#            2#
#  @@@   @@@  #
#  @1@   @%@  #
#  @@@   @@@@ #
#  #   @@#  # #
#     @ @     #
   @  @@   @  #
#             #
#            2#
###############
####### #######
#            2#
#  @@@   @@@  #
#  @1@   @%@  #
#  @@@   @@@@ #
#  #   @@#  # #
#     @ @     #
   @  @@   @  #
#             #
#            2#
###############
####### #######
#            2#
#  @@@   @@@  #
#  @%@   @1@  #
#  @@@   @@@@ #
#  #   @@#  # #
#     @*@     #
   @  @@   @  #
#             #
#            2#
###############
####### #######
#            2#
#  @@@   @@@  #
#  @1@   @%@  #
#  @@@   @@@@ #
#  #   @@#  # #
#     @*@     #
   @  @@   @  #
#             #
#            2#
###############
####### #######
#            2#
#  @@@   @@@  #
#  @1@   @%@  #
#  @@@   @@@@ #
#  #   @@#  # #
#     @ @     #
   @  @@   @  #
#        *    #
#            2#
###############
####### #######
#            2#
#  @@@   @@@  #
#  @1@   @%@  #
#  @@@   @@@@ #
#  #   @@#  # #
#     @ @     #
   @  @@   @  #
#             #
#            2#
########### ###
####### #######
#            2#
#  @@@   @@@  #
#  @1@   @%@  #
#  @@@   @@@@ #
#  #   @@#  # #
#     @ @     #
   @  @@   @  #
#             #
#            2#
########### ###
####### #######
#            2#
#  @@@   @@@  #
#  @1@   @%@  #
#  @@@   @@@@ #
#  #   @@#  # #
#     @ @     #
   @  @@   @  #
#             #
#            2#
########### ###
####### #######
#            2#
#  @@@   @@@  #
#  @%@   @1@  #
#  @@@   @@@@ #
#  #   @@#  # #
#*    @ @     #
   @  @@   @  #
#             #
#            2#
########### ###
####### #######
#            2#
#  @@@   @@@  #
#  @1@   @%@  #
#  @@@   @@@@ #
#  #   @@#  # #
#*    @ @     #
   @  @@   @  #
#             #
#            2#
########### ###
####### #######
#            2#
#  @@@   @@@  #
#  @1@   @%@  #
#  @@@   @@@@ #
#  #   @@#  # #
#     @ @     #
   @  @@   @  #
#              
#            2#
########### ###
####### #######
#            2#
#  @@@   @@@  #
#  @1@   @%@  #
#  @@@   @@@@ #
#  #   @@#  # #
#     @ @     #
   @  @@   @  #
#              
#            2#
########### ###
####### #######
#            2#
#  @@@   @@@  #
#  @1@   @%@  #
#  @@@   @@@@ #
#  #   @@#  # #
#     @ @     #
   @  @@   @  #
#              
#            2#
########### ###
####### #######
#            2#
#  @@@   @@@  #
#  @1@   @%@  #
#  @@@   @@@@ #
#  #   @@#  # #
#     @ @     #
   @  @@   @  #
#              
#            2#
########### ###
####### #######
#            2#
#  @@@   @@@  #
#  @%@   @1@  #
#  @@@   @@@@ #
#  #   @@#  # #
#     @*@     #
   @  @@   @  #
#              
#            2#
########### ###
####### #######
#            2#
#  @@@   @@@  #
#  @1@   @%@  #
#  @@@   @@@@ #
#  #   @@#  # #
#     @*@     #
   @  @@   @  #
#              
#            2#
########### ###
####### #######
#            2#
#  @@@   @@@  #
#  @1@   @%@  #
#  @@@   @@@@ #
#  #   @@#  # #
#     @ @     #
   @  @@   @  #
#        *     
#            2#
########### ###
####### #######
#            2#
#  @@@   @@@  #
#  @1@   @%@  #
#  @@@   @@@@ #
#  #   @@#  # #
#     @ @     #
   @  @@   @  #
#              
#            2#
###########*###
####### #######
#            2#
#  @@@   @@@  #
#  @1@   @%@  #
#  @@@   @@@@ #
#  #   @@#  # #
#     @ @     #
   @  @@   @  #
#              
#            2#
########### ###
####### #######
#            2#
#  @@@   @@@  #
#  @1@   @%@  #
#  @@@   @@@@ #
#  #   @@#  # #
#     @ @     #
   @  @@   @  #
#              
#            2#
########### ###
####### #######
#            2#
#  @@@   @@@  #
#  @%@   @1@  #
#  @@@   @@@@ #
#  #   @@#  # #
#*    @ @     #
   @  @@   @  #
#              
#            2#
########### ###
####### #######
#            2#
#  @@@   @@@  #
#  @1@   @%@  #
#  @@@   @@@@ #
#  #   @@#  # #
#*    @ @     #
   @  @@   @  #
#              
#            2#
########### ###
####### #######
#            2#
#  @@@   @@@  #
#  @1@   @%@  #
#  @@@   @@@@ #
#  #   @@#  # #
#     @ @     #
   @  @@   @  #
#             *
#            2#
########### ###
####### #######
#            2#
#  @@@   @@@  #
#  @1@   @%@  #
#  @@@   @@@@ #
#  #   @@#  # #
#     @ @     #
   @  @@   @  #
#              
#             #
########### ###
####### #######
#            2#
#  @@@   @@@  #
#  @1@   @%@  #
#  @@@   @@@@ #
#  #   @@#  # #
#     @ @     #
   @  @@   @  #
#              
#             #
########### ###
####### #######
#            2#
#  @@@   @@@  #
#  @1@   @%@  #
#  @@@   @@@@ #
#  #   @@#  # #
#     @ @     #
   @  @@   @  #
#              
#             #
########### ###
####### #######
#            2#
#  @@@   @@@  #
#  @%@   @1@  #
#  @@@   @@@@ #
#  #   @@#  # #
#     @*@     #
   @  @@   @  #
#              
#             #
########### ###
####### #######
#            2#
#  @@@   @@@  #
#  @1@   @%@  #
#  @@@   @@@@ #
#  #   @@#  # #
#     @*@     #
   @  @@   @  #
#              
#             #
########### ###
####### #######
#            2#
#  @@@   @@@  #
#  @%@   @1@  #
#  @@@   @@@@ #
#  #   @@#  # #
#     @ @     #
   @  @@   @  #
#        *     
#             #
########### ###
####### #######
#            2#
#  @@@   @@@  #
#  @1@   @%@  #
#  @@@   @@@@ #
#  #   @@#  # #
#     @ @     #
   @  @@   @  #
#        *     
#             #
########### ###
####### #######
#            2#
#  @@@   @@@  #
#  @%@   @1@  #
#  @@@   @@@@ #
#  #   @@#  # #
#     @ @     #
   @  @@   @  #
#              
#             #
###########*###
####### #######
#            2#
#  @@@   @@@  #
#  @1@   @%@  #
#  @@@   @@@@ #
#  #   @@#  # #
#     @ @     #
   @  @@   @  #
#              
#             #
###########*###
####### #### ##
#            2#
#  @@@   @@@  #
#  @%@   @1@  #
#  @@@   @@@@ #
#  #   @@#  # #
#     @ @     #
   @  @@   @  #
#              
#             #
########### ###
####### #### ##
#            2#
#  @@@   @@@  #
#  @1@   @%@  #
#  @@@   @@@@ #
#  #   @@#  # #
#     @ @     #
   @  @@   @  #
#              
#             #
########### ###
####### #### ##
#            2#
#  @@@   @@@  #
#  @1@   @%@  #
#  @@@   @@@@ #
#  #   @@#  # #
#     @ @     #
   @  @@   @  #
#              
#             #
########### ###
####### #### ##
#            2#
#  @@@   @@@  #
#  @%@   @1@  #
#  @@@   @@@@ #
#  #   @@#  # #
#     @*@     #
   @  @@   @  #
#              
#             #
########### ###
####### #### ##
#            2#
#  @@@   @@@  #
#  @1@   @%@  #
#  @@@   @@@@ #
#  #   @@#  # #
#     @*@     #
   @  @@   @  #
#              
#             #
########### ###
####### #### ##
#            2#
#  @@@   @@@  #
#  @%@   @1@  #
#  @@@   @@@@ #
#  #   @@#  # #
#     @ @     #
   @  @@   @  #
#        *     
#             #
########### ###
####### #### ##
#            2#
#  @@@   @@@  #
#  @1@   @%@  #
#  @@@   @@@@ #
#  #   @@#  # #
#     @ @     #
   @  @@   @  #
#        *     
#             #
########### ###
####### #### ##
#            2#
#  @@@   @@@  #
#  @%@   @1@  #
#  @@@   @@@@ #
#  #   @@#  # #
#     @ @     #
   @  @@   @  #
#              
#             #
###########*###
####### #### ##
#            2#
#  @@@   @@@  #
#  @1@   @%@  #
#  @@@   @@@@ #
#  #   @@#  # #
#     @ @     #
   @  @@   @  #
#              
#             #
###########*###
✓ Game 1/13 completed
Registered Player factory, total: 4
Registered TankAlgorithm factory, total: 4
###############
#            2#
#  @@@   @@@  #
#  @%@   @1@  #
#2@@@@   @@@@ #
#  #  #@@#  # #
#     @1@     #
#  @  @@@  @  #
#             #
#2            #
###############
###############
#            2#
#  @@@   @@@  #
#  @1@   @%@  #
#2@@@@   @@@@ #
#  #  #@@#  # #
#     @1@     #
#  @  @@@  @  #
#             #
#2            #
###############
###############
#            2#
#  @@@   @@@  #
#  @1@   @1@  #
#2@@@@   @@@@ #
#  #  #@@#  # #
#     @%@     #
#  @  @@@  @  #
#             #
#2            #
###############
###############
#            2#
#  @@@   @@@  #
#  @%@   @1@  #
#2@@@@   @@@@ #
#  #  #@@#  # #
#     @1@     #
#  @  @@@  @  #
#             #
#2            #
###############
###############
#            2#
#  @@@   @@@  #
#  @%@   @1@  #
#  @@@   @@@@ #
#  #  #@@#  # #
#     @1@     #
#  @  @@@  @  #
#             #
# 2           #
###############
###############
#            2#
#  @@@   @@@  #
#  @%@   @1@  #
#  @@@   @@@@ #
#  #  #@@#  # #
#     @1@     #
#  @  @@@  @  #
#             #
#  2          #
###############
###############
#            2#
#  @@@   @@@  #
#  @%@   @1@  #
#  @@@   @@@@ #
#  #  #@@#  # #
#     @1@     #
#  @  @@@  @  #
#             #
#   2     *   #
###############
###############
#            2#
#  @@@   @@@  #
#  @1@   @%@  #
#  @@@   @@@@ #
#  #  #@@#  # #
#     @1@     #
#  @  @@@  @  #
#             #
#   2     *   #
###############
###############
#            2#
#  @@@   @@@  #
#  @1@   @1@  #
#  @@@   @@@@ #
#  #  #@@#  # #
#     @%@     #
#  @  @@@  @  #
#             #
#   2     *   #
###############
###############
#            2#
#  @@@   @@@  #
#  @1@   @%@  #
#  @@@   @@@@ #
#  #  #@@#  # #
#     @1@     #
#  @  @@@  @  #
#             #
#    2        #
###############
###############
#            2#
#  @@@   @@@  #
#  @%@   @1@  #
#  @@@   @@@@ #
#  #  #@@#  # #
#     @1@     #
#  @  @@@  @  #
#             #
#      2      #
###############
###############
#            2#
#  @@@   @@@  #
#  @%@   @1@  #
#  @@@   @@@@ #
#  #  #@@#  # #
#     @1@     #
#  @  @@@  @  #
#             #
#       2     #
###############
###############
#            2#
#  @@@   @@@  #
#  @%@   @1@  #
#  @@@   @@@@ #
#  #  #@@#  # #
#     @1@     #
#  @  @@@  @  #
#             #
#   *    2    #
###############
###############
#            2#
#  @@@   @@@  #
#  @1@   @%@  #
#  @@@   @@@@ #
#  #  #@@#  # #
#     @1@     #
#  @  @@@  @  #
#             #
#   *    2    #
###############
###############
#            2#
#  @@@   @@@  #
#  @1@   @1@  #
#  @@@   @@@@ #
#  #  #@@#  # #
#     @%@     #
#  @  @@@  @  #
#             #
#   *    2    #
###############
###############
#            2#
#  @@@   @@@  #
#  @1@   @%@  #
#  @@@   @@@@ #
#  #  #@@#  # #
#     @1@     #
#  @  @@@  @  #
#             #
#         2   #
###############
###############
#            2#
#  @@@   @@@  #
#  @1@   @1@  #
#  @@@   @@@@ #
#  #  #@@#  # #
#     @%@     #
#  @  @@@  @  #
#             #
#          2  #
###############
####### #######
#            2#
#  @@@   @@@  #
#  @%@   @1@  #
#  @@@   @@@@ #
#  #  #@@#  # #
#     @1@     #
#  @  @@@  @  #
#             #
#           2 #
###############
####### #######
#            2#
#  @@@   @@@  #
#  @%@   @1@  #
#  @@@   @@@@ #
#  #  #@@#  # #
#     @ @     #
#  @  @@   @  #
#             #
#            2#
###############
####### #######
#            2#
#  @@@   @@@  #
#  @1@   @%@  #
#  @@@   @@@@ #
#  #  #@@#  # #
#     @ @     #
#  @  @@   @  #
#             #
#            2#
###############
####### #######
#            2#
#  @@@   @@@  #
#  @1@   @%@  #
#  @@@   @@@@ #
#  #  #@@#  # #
#     @ @     #
#  @  @@   @  #
#             #
#            2#
###############
####### #######
#            2#
#  @@@   @@@  #
#  @%@   @1@  #
#  @@@   @@@@ #
#  #  #@@#  # #
#*    @ @     #
#  @  @@   @  #
#             #
#            2#
###############
####### #######
#            2#
#  @@@   @@@  #
#  @1@   @%@  #
#  @@@   @@@@ #
#  #  #@@#  # #
#*    @ @     #
#  @  @@   @  #
#             #
#            2#
###############
####### #######
#            2#
#  @@@   @@@  #
#  @1@   @%@  #
#  @@@   @@@@ #
#  #  #@@#  # #
#     @ @     #
#  @  @@   @  #
#             #
#            2#
###############
####### #######
#            2#
#  @@@   @@@  #
#  @1@   @%@  #
#  @@@   @@@@ #
#  #  #@@#  # #
#     @ @     #
#  @  @@   @  #
#             #
#            2#
###############
####### #######
#            2#
#  @@@   @@@  #
#  @1@   @%@  #
#  @@@   @@@@ #
#  #  #@@#  # #
#     @ @     #
#  @  @@   @  #
#             #
#            2#
###############
####### #######
#            2#
#  @@@   @@@  #
#  @1@   @%@  #
#  @@@   @@@@ #
#  #  #@@#  # #
#     @ @     #
#  @  @@   @  #
#             #
#            2#
###############
####### #######
#            2#
#  @@@   @@@  #
#  @%@   @1@  #
#  @@@   @@@@ #
#  #  #@@#  # #
#     @ @     #
#  @  @@   @  #
#             #
#            2#
###############
####### #######
#            2#
#  @@@   @@@  #
#  @1@   @%@  #
#  @@@   @@@@ #
#  #  #@@#  # #
#     @ @     #
#  @  @@   @  #
#             #
#            2#
###############
####### #######
#            2#
#  @@@   @@@  #
#  @1@   @%@  #
#  @@@   @@@@ #
#  #  #@@#  # #
#     @ @     #
#  @  @@   @  #
#             #
#            2#
###############
####### #######
#            2#
#  @@@   @@@  #
#  @1@   @%@  #
#  @@@   @@@@ #
#  #  #@@#  # #
#     @ @     #
#  @  @@   @  #
#             #
#            2#
###############
####### #######
#            2#
#  @@@   @@@  #
#  @1@   @%@  #
#  @@@   @@@@ #
#  #  #@@#  # #
#     @ @     #
#  @  @@   @  #
#             #
#            2#
###############
####### #######
#            2#
#  @@@   @@@  #
#  @1@   @%@  #
#  @@@   @@@@ #
#  #  #@@#  # #
#     @ @     #
#  @  @@   @  #
#             #
#            2#
###############
####### #######
#            2#
#  @@@   @@@  #
#  @%@   @1@  #
#  @@@   @@@@ #
#  #  #@@#  # #
#*    @ @     #
#  @  @@   @  #
#             #
#            2#
###############
####### #######
#            2#
#  @@@   @@@  #
#  @1@   @%@  #
#  @@@   @@@@ #
#  #  #@@#  # #
#*    @ @     #
#  @  @@   @  #
#             #
#            2#
###############
####### #######
#            2#
#  @@@   @@@  #
#  @1@   @%@  #
#  @@@   @@@@ #
#  #  #@@#  # #
#     @ @     #
   @  @@   @  #
#             #
#            2#
###############
####### #######
#            2#
#  @@@   @@@  #
#  @1@   @%@  #
#  @@@   @@@@ #
#  #  #@@#  # #
#     @ @     #
   @  @@   @  #
#             #
#            2#
###############
####### #######
#            2#
#  @@@   @@@  #
#  @1@   @%@  #
#  @@@   @@@@ #
#  #  #@@#  # #
#     @ @     #
   @  @@   @  #
#             #
#            2#
###############
####### #######
#            2#
#  @@@   @@@  #
#  @1@   @%@  #
#  @@@   @@@@ #
#  #  #@@#  # #
#     @ @     #
   @  @@   @  #
#             #
#            2#
###############
####### #######
#            2#
#  @@@   @@@  #
#  @%@   @1@  #
#  @@@   @@@@ #
#  #   @@#  # #
#     @ @     #
   @  @@   @  #
#             #
#            2#
###############
####### #######
#            2#
#  @@@   @@@  #
#  @1@   @%@  #
#  @@@   @@@@ #
#  #   @@#  # #
#     @ @     #
   @  @@   @  #
#             #
#            2#
###############
####### #######
#            2#
#  @@@   @@@  #
#  @1@   @%@  #
#  @@@   @@@@ #
#  #   @@#  # #
#     @ @     #
   @  @@   @  #
#             #
#            2#
###############
####### #######
#            2#
#  @@@   @@@  #
#  @1@   @%@  #
#  @@@   @@@@ #
#  #   @@#  # #
#     @ @     #
   @  @@   @  #
#             #
#            2#
###############
####### #######
#            2#
#  @@@   @@@  #
#  @1@   @%@  #
#  @@@   @@@@ #
#  #   @@#  # #
#     @ @     #
   @  @@   @  #
#             #
#            2#
###############
####### #######
#            2#
#  @@@   @@@  #
#  @1@   @%@  #
#  @@@   @@@@ #
#  #   @@#  # #
#     @ @     #
   @  @@   @  #
#             #
#            2#
###############
####### #######
#            2#
#  @@@   @@@  #
#  @%@   @1@  #
#  @@@   @@@@ #
#  #   @@#  # #
#*    @ @     #
   @  @@   @  #
#             #
#            2#
###############
####### #######
#            2#
#  @@@   @@@  #
#  @1@   @%@  #
#  @@@   @@@@ #
#  #   @@#  # #
#*    @ @     #
   @  @@   @  #
#             #
#            2#
###############
####### #######
#            2#
#  @@@   @@@  #
#  @1@   @%@  #
#  @@@   @@@@ #
#  #   @@#  # #
#     @ @     #
   @  @@   @  #
#             #
#            2#
###############
####### #######
#            2#
#  @@@   @@@  #
#  @1@   @%@  #
#  @@@   @@@@ #
#  #   @@#  # #
#     @ @     #
   @  @@   @  #
#             #
#            2#
###############
####### #######
#            2#
#  @@@   @@@  #
#  @1@   @%@  #
#  @@@   @@@@ #
#  #   @@#  # #
#     @ @     #
   @  @@   @  #
#             #
#            2#
###############
####### #######
#            2#
#  @@@   @@@  #
#  @1@   @%@  #
#  @@@   @@@@ #
#  #   @@#  # #
#     @ @     #
   @  @@   @  #
#             #
#            2#
###############
####### #######
#            2#
#  @@@   @@@  #
#  @%@   @1@  #
#  @@@   @@@@ #
#  #   @@#  # #
#     @*@     #
   @  @@   @  #
#             #
#            2#
###############
####### #######
#            2#
#  @@@   @@@  #
#  @1@   @%@  #
#  @@@   @@@@ #
#  #   @@#  # #
#     @*@     #
   @  @@   @  #
#             #
#            2#
###############
####### #######
#            2#
#  @@@   @@@  #
#  @1@   @%@  #
#  @@@   @@@@ #
#  #   @@#  # #
#     @ @     #
   @  @@   @  #
#        *    #
#            2#
###############
####### #######
#            2#
#  @@@   @@@  #
#  @1@   @%@  #
#  @@@   @@@@ #
#  #   @@#  # #
#     @ @     #
   @  @@   @  #
#             #
#            2#
########### ###
####### #######
#            2#
#  @@@   @@@  #
#  @1@   @%@  #
#  @@@   @@@@ #
#  #   @@#  # #
#     @ @     #
   @  @@   @  #
#             #
#            2#
########### ###
####### #######
#            2#
#  @@@   @@@  #
#  @1@   @%@  #
#  @@@   @@@@ #
#  #   @@#  # #
#     @ @     #
   @  @@   @  #
#             #
#            2#
########### ###
####### #######
#            2#
#  @@@   @@@  #
#  @%@   @1@  #
#  @@@   @@@@ #
#  #   @@#  # #
#*    @ @     #
   @  @@   @  #
#             #
#            2#
########### ###
####### #######
#            2#
#  @@@   @@@  #
#  @1@   @%@  #
#  @@@   @@@@ #
#  #   @@#  # #
#*    @ @     #
   @  @@   @  #
#             #
#            2#
########### ###
####### #######
#            2#
#  @@@   @@@  #
#  @1@   @%@  #
#  @@@   @@@@ #
#  #   @@#  # #
#     @ @     #
   @  @@   @  #
#              
#            2#
########### ###
####### #######
#            2#
#  @@@   @@@  #
#  @1@   @%@  #
#  @@@   @@@@ #
#  #   @@#  # #
#     @ @     #
   @  @@   @  #
#              
#            2#
########### ###
####### #######
#            2#
#  @@@   @@@  #
#  @1@   @%@  #
#  @@@   @@@@ #
#  #   @@#  # #
#     @ @     #
   @  @@   @  #
#              
#            2#
########### ###
####### #######
#            2#
#  @@@   @@@  #
#  @1@   @%@  #
#  @@@   @@@@ #
#  #   @@#  # #
#     @ @     #
   @  @@   @  #
#              
#            2#
########### ###
####### #######
#            2#
#  @@@   @@@  #
#  @%@   @1@  #
#  @@@   @@@@ #
#  #   @@#  # #
#     @*@     #
   @  @@   @  #
#              
#            2#
########### ###
####### #######
#            2#
#  @@@   @@@  #
#  @1@   @%@  #
#  @@@   @@@@ #
#  #   @@#  # #
#     @*@     #
   @  @@   @  #
#              
#            2#
########### ###
####### #######
#            2#
#  @@@   @@@  #
#  @1@   @%@  #
#  @@@   @@@@ #
#  #   @@#  # #
#     @ @     #
   @  @@   @  #
#        *     
#            2#
########### ###
####### #######
#            2#
#  @@@   @@@  #
#  @1@   @%@  #
#  @@@   @@@@ #
#  #   @@#  # #
#     @ @     #
   @  @@   @  #
#              
#            2#
###########*###
####### #######
#            2#
#  @@@   @@@  #
#  @1@   @%@  #
#  @@@   @@@@ #
#  #   @@#  # #
#     @ @     #
   @  @@   @  #
#              
#            2#
########### ###
####### #######
#            2#
#  @@@   @@@  #
#  @1@   @%@  #
#  @@@   @@@@ #
#  #   @@#  # #
#     @ @     #
   @  @@   @  #
#              
#            2#
########### ###
####### #######
#            2#
#  @@@   @@@  #
#  @%@   @1@  #
#  @@@   @@@@ #
#  #   @@#  # #
#*    @ @     #
   @  @@   @  #
#              
#            2#
########### ###
####### #######
#            2#
#  @@@   @@@  #
#  @1@   @%@  #
#  @@@   @@@@ #
#  #   @@#  # #
#*    @ @     #
   @  @@   @  #
#              
#            2#
########### ###
####### #######
#            2#
#  @@@   @@@  #
#  @1@   @%@  #
#  @@@   @@@@ #
#  #   @@#  # #
#     @ @     #
   @  @@   @  #
#             *
#            2#
########### ###
####### #######
#            2#
#  @@@   @@@  #
#  @1@   @%@  #
#  @@@   @@@@ #
#  #   @@#  # #
#     @ @     #
   @  @@   @  #
#              
#             #
########### ###
####### #######
#            2#
#  @@@   @@@  #
#  @1@   @%@  #
#  @@@   @@@@ #
#  #   @@#  # #
#     @ @     #
   @  @@   @  #
#              
#             #
########### ###
####### #######
#            2#
#  @@@   @@@  #
#  @1@   @%@  #
#  @@@   @@@@ #
#  #   @@#  # #
#     @ @     #
   @  @@   @  #
#              
#             #
########### ###
####### #######
#            2#
#  @@@   @@@  #
#  @%@   @1@  #
#  @@@   @@@@ #
#  #   @@#  # #
#     @*@     #
   @  @@   @  #
#              
#             #
########### ###
####### #######
#            2#
#  @@@   @@@  #
#  @1@   @%@  #
#  @@@   @@@@ #
#  #   @@#  # #
#     @*@     #
   @  @@   @  #
#              
#             #
########### ###
####### #######
#            2#
#  @@@   @@@  #
#  @%@   @1@  #
#  @@@   @@@@ #
#  #   @@#  # #
#     @ @     #
   @  @@   @  #
#        *     
#             #
########### ###
####### #######
#            2#
#  @@@   @@@  #
#  @1@   @%@  #
#  @@@   @@@@ #
#  #   @@#  # #
#     @ @     #
   @  @@   @  #
#        *     
#             #
########### ###
####### #######
#            2#
#  @@@   @@@  #
#  @%@   @1@  #
#  @@@   @@@@ #
#  #   @@#  # #
#     @ @     #
   @  @@   @  #
#              
#             #
###########*###
####### #######
#            2#
#  @@@   @@@  #
#  @1@   @%@  #
#  @@@   @@@@ #
#  #   @@#  # #
#     @ @     #
   @  @@   @  #
#              
#             #
###########*###
####### #### ##
#            2#
#  @@@   @@@  #
#  @%@   @1@  #
#  @@@   @@@@ #
#  #   @@#  # #
#     @ @     #
   @  @@   @  #
#              
#             #
########### ###
####### #### ##
#            2#
#  @@@   @@@  #
#  @1@   @%@  #
#  @@@   @@@@ #
#  #   @@#  # #
#     @ @     #
   @  @@   @  #
#              
#             #
########### ###
####### #### ##
#            2#
#  @@@   @@@  #
#  @1@   @%@  #
#  @@@   @@@@ #
#  #   @@#  # #
#     @ @     #
   @  @@   @  #
#              
#             #
########### ###
####### #### ##
#            2#
#  @@@   @@@  #
#  @%@   @1@  #
#  @@@   @@@@ #
#  #   @@#  # #
#     @*@     #
   @  @@   @  #
#              
#             #
########### ###
####### #### ##
#            2#
#  @@@   @@@  #
#  @1@   @%@  #
#  @@@   @@@@ #
#  #   @@#  # #
#     @*@     #
   @  @@   @  #
#              
#             #
########### ###
####### #### ##
#            2#
#  @@@   @@@  #
#  @%@   @1@  #
#  @@@   @@@@ #
#  #   @@#  # #
#     @ @     #
   @  @@   @  #
#        *     
#             #
########### ###
####### #### ##
#            2#
#  @@@   @@@  #
#  @1@   @%@  #
#  @@@   @@@@ #
#  #   @@#  # #
#     @ @     #
   @  @@   @  #
#        *     
#             #
########### ###
####### #### ##
#            2#
#  @@@   @@@  #
#  @%@   @1@  #
#  @@@   @@@@ #
#  #   @@#  # #
#     @ @     #
   @  @@   @  #
#              
#             #
###########*###
####### #### ##
#            2#
#  @@@   @@@  #
#  @1@   @%@  #
#  @@@   @@@@ #
#  #   @@#  # #
#     @ @     #
   @  @@   @  #
#              
#             #
###########*###
✓ Game 2/13 completed
Registered TankAlgorithm factory, total: 5
Registered Player factory, total: 5
###############
#            2#
#  @@@   @@@  #
#  @%@   @1@  #
#2@@@@   @@@@ #
#  #  #@@#  # #
#     @1@     #
#  @  @@@  @  #
#             #
#2            #
###############
###############
#            2#
#  @@@   @@@  #
#  @1@   @%@  #
#2@@@@   @@@@ #
#  #  #@@#  # #
#     @1@     #
#  @  @@@  @  #
#             #
#2            #
###############
###############
#            2#
#  @@@   @@@  #
#  @1@   @1@  #
#2@@@@   @@@@ #
#  #  #@@#  # #
#     @%@     #
#  @  @@@  @  #
#             #
#2            #
###############
###############
#            2#
#  @@@   @@@  #
#  @%@   @1@  #
#2@@@@   @@@@ #
#  #  #@@#  # #
#     @1@     #
#  @  @@@  @  #
#             #
#2            #
###############
###############
#            2#
#  @@@   @@@  #
#  @%@   @1@  #
#  @@@   @@@@ #
#  #  #@@#  # #
#     @1@     #
#  @  @@@  @  #
#             #
# 2           #
###############
###############
#            2#
#  @@@   @@@  #
#  @%@   @1@  #
#  @@@   @@@@ #
#  #  #@@#  # #
#     @1@     #
#  @  @@@  @  #
#             #
#  2          #
###############
###############
#            2#
#  @@@   @@@  #
#  @%@   @1@  #
#  @@@   @@@@ #
#  #  #@@#  # #
#     @1@     #
#  @  @@@  @  #
#             #
#   2     *   #
###############
###############
#            2#
#  @@@   @@@  #
#  @1@   @%@  #
#  @@@   @@@@ #
#  #  #@@#  # #
#     @1@     #
#  @  @@@  @  #
#             #
#   2     *   #
###############
###############
#            2#
#  @@@   @@@  #
#  @1@   @1@  #
#  @@@   @@@@ #
#  #  #@@#  # #
#     @%@     #
#  @  @@@  @  #
#             #
#   2     *   #
###############
###############
#            2#
#  @@@   @@@  #
#  @1@   @%@  #
#  @@@   @@@@ #
#  #  #@@#  # #
#     @1@     #
#  @  @@@  @  #
#             #
#    2        #
###############
###############
#            2#
#  @@@   @@@  #
#  @%@   @1@  #
#  @@@   @@@@ #
#  #  #@@#  # #
#     @1@     #
#  @  @@@  @  #
#             #
#      2      #
###############
###############
#            2#
#  @@@   @@@  #
#  @%@   @1@  #
#  @@@   @@@@ #
#  #  #@@#  # #
#     @1@     #
#  @  @@@  @  #
#             #
#       2     #
###############
###############
#            2#
#  @@@   @@@  #
#  @%@   @1@  #
#  @@@   @@@@ #
#  #  #@@#  # #
#     @1@     #
#  @  @@@  @  #
#             #
#   *    2    #
###############
###############
#            2#
#  @@@   @@@  #
#  @1@   @%@  #
#  @@@   @@@@ #
#  #  #@@#  # #
#     @1@     #
#  @  @@@  @  #
#             #
#   *    2    #
###############
###############
#            2#
#  @@@   @@@  #
#  @1@   @1@  #
#  @@@   @@@@ #
#  #  #@@#  # #
#     @%@     #
#  @  @@@  @  #
#             #
#   *    2    #
###############
###############
#            2#
#  @@@   @@@  #
#  @1@   @%@  #
#  @@@   @@@@ #
#  #  #@@#  # #
#     @1@     #
#  @  @@@  @  #
#             #
#         2   #
###############
###############
#            2#
#  @@@   @@@  #
#  @1@   @1@  #
#  @@@   @@@@ #
#  #  #@@#  # #
#     @%@     #
#  @  @@@  @  #
#             #
#          2  #
###############
####### #######
#            2#
#  @@@   @@@  #
#  @%@   @1@  #
#  @@@   @@@@ #
#  #  #@@#  # #
#     @1@     #
#  @  @@@  @  #
#             #
#           2 #
###############
####### #######
#            2#
#  @@@   @@@  #
#  @%@   @1@  #
#  @@@   @@@@ #
#  #  #@@#  # #
#     @ @     #
#  @  @@   @  #
#             #
#            2#
###############
####### #######
#            2#
#  @@@   @@@  #
#  @1@   @%@  #
#  @@@   @@@@ #
#  #  #@@#  # #
#     @ @     #
#  @  @@   @  #
#             #
#            2#
###############
####### #######
#            2#
#  @@@   @@@  #
#  @1@   @%@  #
#  @@@   @@@@ #
#  #  #@@#  # #
#     @ @     #
#  @  @@   @  #
#             #
#            2#
###############
####### #######
#            2#
#  @@@   @@@  #
#  @%@   @1@  #
#  @@@   @@@@ #
#  #  #@@#  # #
#*    @ @     #
#  @  @@   @  #
#             #
#            2#
###############
####### #######
#            2#
#  @@@   @@@  #
#  @1@   @%@  #
#  @@@   @@@@ #
#  #  #@@#  # #
#*    @ @     #
#  @  @@   @  #
#             #
#            2#
###############
####### #######
#            2#
#  @@@   @@@  #
#  @1@   @%@  #
#  @@@   @@@@ #
#  #  #@@#  # #
#     @ @     #
#  @  @@   @  #
#             #
#            2#
###############
####### #######
#            2#
#  @@@   @@@  #
#  @1@   @%@  #
#  @@@   @@@@ #
#  #  #@@#  # #
#     @ @     #
#  @  @@   @  #
#             #
#            2#
###############
####### #######
#            2#
#  @@@   @@@  #
#  @1@   @%@  #
#  @@@   @@@@ #
#  #  #@@#  # #
#     @ @     #
#  @  @@   @  #
#             #
#            2#
###############
####### #######
#            2#
#  @@@   @@@  #
#  @1@   @%@  #
#  @@@   @@@@ #
#  #  #@@#  # #
#     @ @     #
#  @  @@   @  #
#             #
#            2#
###############
####### #######
#            2#
#  @@@   @@@  #
#  @%@   @1@  #
#  @@@   @@@@ #
#  #  #@@#  # #
#     @ @     #
#  @  @@   @  #
#             #
#            2#
###############
####### #######
#            2#
#  @@@   @@@  #
#  @1@   @%@  #
#  @@@   @@@@ #
#  #  #@@#  # #
#     @ @     #
#  @  @@   @  #
#             #
#            2#
###############
####### #######
#            2#
#  @@@   @@@  #
#  @1@   @%@  #
#  @@@   @@@@ #
#  #  #@@#  # #
#     @ @     #
#  @  @@   @  #
#             #
#            2#
###############
####### #######
#            2#
#  @@@   @@@  #
#  @1@   @%@  #
#  @@@   @@@@ #
#  #  #@@#  # #
#     @ @     #
#  @  @@   @  #
#             #
#            2#
###############
####### #######
#            2#
#  @@@   @@@  #
#  @1@   @%@  #
#  @@@   @@@@ #
#  #  #@@#  # #
#     @ @     #
#  @  @@   @  #
#             #
#            2#
###############
####### #######
#            2#
#  @@@   @@@  #
#  @1@   @%@  #
#  @@@   @@@@ #
#  #  #@@#  # #
#     @ @     #
#  @  @@   @  #
#             #
#            2#
###############
####### #######
#            2#
#  @@@   @@@  #
#  @%@   @1@  #
#  @@@   @@@@ #
#  #  #@@#  # #
#*    @ @     #
#  @  @@   @  #
#             #
#            2#
###############
####### #######
#            2#
#  @@@   @@@  #
#  @1@   @%@  #
#  @@@   @@@@ #
#  #  #@@#  # #
#*    @ @     #
#  @  @@   @  #
#             #
#            2#
###############
####### #######
#            2#
#  @@@   @@@  #
#  @1@   @%@  #
#  @@@   @@@@ #
#  #  #@@#  # #
#     @ @     #
   @  @@   @  #
#             #
#            2#
###############
####### #######
#            2#
#  @@@   @@@  #
#  @1@   @%@  #
#  @@@   @@@@ #
#  #  #@@#  # #
#     @ @     #
   @  @@   @  #
#             #
#            2#
###############
####### #######
#            2#
#  @@@   @@@  #
#  @1@   @%@  #
#  @@@   @@@@ #
#  #  #@@#  # #
#     @ @     #
   @  @@   @  #
#             #
#            2#
###############
####### #######
#            2#
#  @@@   @@@  #
#  @1@   @%@  #
#  @@@   @@@@ #
#  #  #@@#  # #
#     @ @     #
   @  @@   @  #
#             #
#            2#
###############
####### #######
#            2#
#  @@@   @@@  #
#  @%@   @1@  #
#  @@@   @@@@ #
#  #   @@#  # #
#     @ @     #
   @  @@   @  #
#             #
#            2#
###############
####### #######
#            2#
#  @@@   @@@  #
#  @1@   @%@  #
#  @@@   @@@@ #
#  #   @@#  # #
#     @ @     #
   @  @@   @  #
#             #
#            2#
###############
####### #######
#            2#
#  @@@   @@@  #
#  @1@   @%@  #
#  @@@   @@@@ #
#  #   @@#  # #
#     @ @     #
   @  @@   @  #
#             #
#            2#
###############
####### #######
#            2#
#  @@@   @@@  #
#  @1@   @%@  #
#  @@@   @@@@ #
#  #   @@#  # #
#     @ @     #
   @  @@   @  #
#             #
#            2#
###############
####### #######
#            2#
#  @@@   @@@  #
#  @1@   @%@  #
#  @@@   @@@@ #
#  #   @@#  # #
#     @ @     #
   @  @@   @  #
#             #
#            2#
###############
####### #######
#            2#
#  @@@   @@@  #
#  @1@   @%@  #
#  @@@   @@@@ #
#  #   @@#  # #
#     @ @     #
   @  @@   @  #
#             #
#            2#
###############
####### #######
#            2#
#  @@@   @@@  #
#  @%@   @1@  #
#  @@@   @@@@ #
#  #   @@#  # #
#*    @ @     #
   @  @@   @  #
#             #
#            2#
###############
####### #######
#            2#
#  @@@   @@@  #
#  @1@   @%@  #
#  @@@   @@@@ #
#  #   @@#  # #
#*    @ @     #
   @  @@   @  #
#             #
#            2#
###############
####### #######
#            2#
#  @@@   @@@  #
#  @1@   @%@  #
#  @@@   @@@@ #
#  #   @@#  # #
#     @ @     #
   @  @@   @  #
#             #
#            2#
###############
####### #######
#            2#
#  @@@   @@@  #
#  @1@   @%@  #
#  @@@   @@@@ #
#  #   @@#  # #
#     @ @     #
   @  @@   @  #
#             #
#            2#
###############
####### #######
#            2#
#  @@@   @@@  #
#  @1@   @%@  #
#  @@@   @@@@ #
#  #   @@#  # #
#     @ @     #
   @  @@   @  #
#             #
#            2#
###############
####### #######
#            2#
#  @@@   @@@  #
#  @1@   @%@  #
#  @@@   @@@@ #
#  #   @@#  # #
#     @ @     #
   @  @@   @  #
#             #
#            2#
###############
####### #######
#            2#
#  @@@   @@@  #
#  @%@   @1@  #
#  @@@   @@@@ #
#  #   @@#  # #
#     @*@     #
   @  @@   @  #
#             #
#            2#
###############
####### #######
#            2#
#  @@@   @@@  #
#  @1@   @%@  #
#  @@@   @@@@ #
#  #   @@#  # #
#     @*@     #
   @  @@   @  #
#             #
#            2#
###############
####### #######
#            2#
#  @@@   @@@  #
#  @1@   @%@  #
#  @@@   @@@@ #
#  #   @@#  # #
#     @ @     #
   @  @@   @  #
#        *    #
#            2#
###############
####### #######
#            2#
#  @@@   @@@  #
#  @1@   @%@  #
#  @@@   @@@@ #
#  #   @@#  # #
#     @ @     #
   @  @@   @  #
#             #
#            2#
########### ###
####### #######
#            2#
#  @@@   @@@  #
#  @1@   @%@  #
#  @@@   @@@@ #
#  #   @@#  # #
#     @ @     #
   @  @@   @  #
#             #
#            2#
########### ###
####### #######
#            2#
#  @@@   @@@  #
#  @1@   @%@  #
#  @@@   @@@@ #
#  #   @@#  # #
#     @ @     #
   @  @@   @  #
#             #
#            2#
########### ###
####### #######
#            2#
#  @@@   @@@  #
#  @%@   @1@  #
#  @@@   @@@@ #
#  #   @@#  # #
#*    @ @     #
   @  @@   @  #
#             #
#            2#
########### ###
####### #######
#            2#
#  @@@   @@@  #
#  @1@   @%@  #
#  @@@   @@@@ #
#  #   @@#  # #
#*    @ @     #
   @  @@   @  #
#             #
#            2#
########### ###
####### #######
#            2#
#  @@@   @@@  #
#  @1@   @%@  #
#  @@@   @@@@ #
#  #   @@#  # #
#     @ @     #
   @  @@   @  #
#              
#            2#
########### ###
####### #######
#            2#
#  @@@   @@@  #
#  @1@   @%@  #
#  @@@   @@@@ #
#  #   @@#  # #
#     @ @     #
   @  @@   @  #
#              
#            2#
########### ###
####### #######
#            2#
#  @@@   @@@  #
#  @1@   @%@  #
#  @@@   @@@@ #
#  #   @@#  # #
#     @ @     #
   @  @@   @  #
#              
#            2#
########### ###
####### #######
#            2#
#  @@@   @@@  #
#  @1@   @%@  #
#  @@@   @@@@ #
#  #   @@#  # #
#     @ @     #
   @  @@   @  #
#              
#            2#
########### ###
####### #######
#            2#
#  @@@   @@@  #
#  @%@   @1@  #
#  @@@   @@@@ #
#  #   @@#  # #
#     @*@     #
   @  @@   @  #
#              
#            2#
########### ###
####### #######
#            2#
#  @@@   @@@  #
#  @1@   @%@  #
#  @@@   @@@@ #
#  #   @@#  # #
#     @*@     #
   @  @@   @  #
#              
#            2#
########### ###
####### #######
#            2#
#  @@@   @@@  #
#  @1@   @%@  #
#  @@@   @@@@ #
#  #   @@#  # #
#     @ @     #
   @  @@   @  #
#        *     
#            2#
########### ###
####### #######
#            2#
#  @@@   @@@  #
#  @1@   @%@  #
#  @@@   @@@@ #
#  #   @@#  # #
#     @ @     #
   @  @@   @  #
#              
#            2#
###########*###
####### #######
#            2#
#  @@@   @@@  #
#  @1@   @%@  #
#  @@@   @@@@ #
#  #   @@#  # #
#     @ @     #
   @  @@   @  #
#              
#            2#
########### ###
####### #######
#            2#
#  @@@   @@@  #
#  @1@   @%@  #
#  @@@   @@@@ #
#  #   @@#  # #
#     @ @     #
   @  @@   @  #
#              
#            2#
########### ###
####### #######
#            2#
#  @@@   @@@  #
#  @%@   @1@  #
#  @@@   @@@@ #
#  #   @@#  # #
#*    @ @     #
   @  @@   @  #
#              
#            2#
########### ###
####### #######
#            2#
#  @@@   @@@  #
#  @1@   @%@  #
#  @@@   @@@@ #
#  #   @@#  # #
#*    @ @     #
   @  @@   @  #
#              
#            2#
########### ###
####### #######
#            2#
#  @@@   @@@  #
#  @1@   @%@  #
#  @@@   @@@@ #
#  #   @@#  # #
#     @ @     #
   @  @@   @  #
#             *
#            2#
########### ###
####### #######
#            2#
#  @@@   @@@  #
#  @1@   @%@  #
#  @@@   @@@@ #
#  #   @@#  # #
#     @ @     #
   @  @@   @  #
#              
#             #
########### ###
####### #######
#            2#
#  @@@   @@@  #
#  @1@   @%@  #
#  @@@   @@@@ #
#  #   @@#  # #
#     @ @     #
   @  @@   @  #
#              
#             #
########### ###
####### #######
#            2#
#  @@@   @@@  #
#  @1@   @%@  #
#  @@@   @@@@ #
#  #   @@#  # #
#     @ @     #
   @  @@   @  #
#              
#             #
########### ###
####### #######
#            2#
#  @@@   @@@  #
#  @%@   @1@  #
#  @@@   @@@@ #
#  #   @@#  # #
#     @*@     #
   @  @@   @  #
#              
#             #
########### ###
####### #######
#            2#
#  @@@   @@@  #
#  @1@   @%@  #
#  @@@   @@@@ #
#  #   @@#  # #
#     @*@     #
   @  @@   @  #
#              
#             #
########### ###
####### #######
#            2#
#  @@@   @@@  #
#  @%@   @1@  #
#  @@@   @@@@ #
#  #   @@#  # #
#     @ @     #
   @  @@   @  #
#        *     
#             #
########### ###
####### #######
#            2#
#  @@@   @@@  #
#  @1@   @%@  #
#  @@@   @@@@ #
#  #   @@#  # #
#     @ @     #
   @  @@   @  #
#        *     
#             #
########### ###
####### #######
#            2#
#  @@@   @@@  #
#  @%@   @1@  #
#  @@@   @@@@ #
#  #   @@#  # #
#     @ @     #
   @  @@   @  #
#              
#             #
###########*###
####### #######
#            2#
#  @@@   @@@  #
#  @1@   @%@  #
#  @@@   @@@@ #
#  #   @@#  # #
#     @ @     #
   @  @@   @  #
#              
#             #
###########*###
####### #### ##
#            2#
#  @@@   @@@  #
#  @%@   @1@  #
#  @@@   @@@@ #
#  #   @@#  # #
#     @ @     #
   @  @@   @  #
#              
#             #
########### ###
####### #### ##
#            2#
#  @@@   @@@  #
#  @1@   @%@  #
#  @@@   @@@@ #
#  #   @@#  # #
#     @ @     #
   @  @@   @  #
#              
#             #
########### ###
####### #### ##
#            2#
#  @@@   @@@  #
#  @1@   @%@  #
#  @@@   @@@@ #
#  #   @@#  # #
#     @ @     #
   @  @@   @  #
#              
#             #
########### ###
####### #### ##
#            2#
#  @@@   @@@  #
#  @%@   @1@  #
#  @@@   @@@@ #
#  #   @@#  # #
#     @*@     #
   @  @@   @  #
#              
#             #
########### ###
####### #### ##
#            2#
#  @@@   @@@  #
#  @1@   @%@  #
#  @@@   @@@@ #
#  #   @@#  # #
#     @*@     #
   @  @@   @  #
#              
#             #
########### ###
####### #### ##
#            2#
#  @@@   @@@  #
#  @%@   @1@  #
#  @@@   @@@@ #
#  #   @@#  # #
#     @ @     #
   @  @@   @  #
#        *     
#             #
########### ###
####### #### ##
#            2#
#  @@@   @@@  #
#  @1@   @%@  #
#  @@@   @@@@ #
#  #   @@#  # #
#     @ @     #
   @  @@   @  #
#        *     
#             #
########### ###
####### #### ##
#            2#
#  @@@   @@@  #
#  @%@   @1@  #
#  @@@   @@@@ #
#  #   @@#  # #
#     @ @     #
   @  @@   @  #
#              
#             #
###########*###
####### #### ##
#            2#
#  @@@   @@@  #
#  @1@   @%@  #
#  @@@   @@@@ #
#  #   @@#  # #
#     @ @     #
   @  @@   @  #
#              
#             #
###########*###
✓ Game 3/13 completed
==2006790==ASan runtime does not come first in initial library list; you should either link runtime to your application or manually preload it with LD_PRELOAD.
